// Vitest Snapshot v1, https://vitest.dev/guide/snapshot.html

exports[`F2 major moons (REQ-110, REQ-120, REQ-160) > leaves the shipped Mars/Uranus/Neptune moons byte-identical (REQ-160) 1`] = `
[
  {
    "axialTilt": 0,
    "color": 9076075,
    "displayRadius": 1.5,
    "distanceDisplay": 10,
    "distanceFromParent": 9376,
    "eccentricity": 0.0151,
    "emoji": "🥔",
    "factsKo": [
      "감자처럼 울퉁불퉁하게 생겼어요.",
      "화성 둘레를 하루에 세 번이나 돌아요.",
      "화성의 두 위성 중 큰 쪽이에요.",
    ],
    "key": "phobos",
    "name": "Phobos",
    "nameKo": "포보스",
    "orbitalPeriod": 0.319,
    "radius": 11.267,
    "rotationPeriod": 7.66,
    "sizeComparisonKo": "포보스 150개를 나란히 놓아야 달 폭이에요!",
  },
  {
    "axialTilt": 0,
    "color": 10194558,
    "displayRadius": 1.2,
    "distanceDisplay": 14,
    "distanceFromParent": 23463,
    "eccentricity": 0.00033,
    "emoji": "🌰",
    "factsKo": [
      "화성의 두 위성 중 작은 쪽이에요.",
      "아주 작아서 별처럼 보여요.",
      "화성 둘레를 30시간마다 한 바퀴 돌아요.",
    ],
    "key": "deimos",
    "name": "Deimos",
    "nameKo": "데이모스",
    "orbitalPeriod": 1.263,
    "radius": 6.2,
    "rotationPeriod": 30.312,
    "sizeComparisonKo": "데이모스 280개를 나란히 놓아야 달 폭이에요!",
  },
]
`;

exports[`F2 major moons (REQ-110, REQ-120, REQ-160) > leaves the shipped Mars/Uranus/Neptune moons byte-identical (REQ-160) 2`] = `
[
  {
    "axialTilt": 0,
    "color": 11575456,
    "displayRadius": 2,
    "distanceDisplay": 25,
    "distanceFromParent": 435910,
    "eccentricity": 0.0011,
    "key": "titania",
    "name": "Titania",
    "nameKo": "티타니아",
    "orbitalPeriod": 8.706,
    "radius": 788.4,
    "rotationPeriod": 208.94,
  },
  {
    "axialTilt": 0,
    "color": 10524824,
    "displayRadius": 1.8,
    "distanceDisplay": 30,
    "distanceFromParent": 583519,
    "eccentricity": 0.0014,
    "key": "oberon",
    "name": "Oberon",
    "nameKo": "오베론",
    "orbitalPeriod": 13.463,
    "radius": 761.4,
    "rotationPeriod": 323.118,
  },
  {
    "axialTilt": 4.34,
    "color": 12630192,
    "displayRadius": 1.5,
    "distanceDisplay": 20,
    "distanceFromParent": 129390,
    "eccentricity": 0.0013,
    "key": "miranda",
    "name": "Miranda",
    "nameKo": "미란다",
    "orbitalPeriod": 1.413,
    "radius": 235.8,
    "rotationPeriod": 33.923,
  },
]
`;

exports[`F2 major moons (REQ-110, REQ-120, REQ-160) > leaves the shipped Mars/Uranus/Neptune moons byte-identical (REQ-160) 3`] = `
[
  {
    "axialTilt": 156.885,
    "color": 12110032,
    "displayRadius": 2.5,
    "distanceDisplay": 25,
    "distanceFromParent": 354759,
    "eccentricity": 0.000016,
    "emoji": "🌫️",
    "factsKo": [
      "해왕성 둘레를 거꾸로 도는 위성이에요.",
      "차가운 얼음 물줄기를 뿜어내요.",
      "태양계에서 가장 추운 곳 중 하나예요.",
    ],
    "key": "triton",
    "name": "Triton",
    "nameKo": "트리톤",
    "orbitalPeriod": 5.877,
    "radius": 1353.4,
    "retrograde": true,
    "rotationPeriod": 141.043,
    "sizeComparisonKo": "트리톤은 명왕성보다 조금 더 커요!",
  },
  {
    "axialTilt": 0,
    "color": 8947865,
    "displayRadius": 1.5,
    "distanceDisplay": 20,
    "distanceFromParent": 117647,
    "eccentricity": 0.00053,
    "key": "proteus",
    "name": "Proteus",
    "nameKo": "프로테우스",
    "orbitalPeriod": 1.122,
    "radius": 210,
    "rotationPeriod": 26.928,
  },
  {
    "axialTilt": 7.23,
    "color": 10066602,
    "displayRadius": 1.3,
    "distanceDisplay": 35,
    "distanceFromParent": 5513400,
    "eccentricity": 0.7512,
    "key": "nereid",
    "name": "Nereid",
    "nameKo": "네레이드",
    "orbitalPeriod": 360.14,
    "radius": 170,
    "rotationPeriod": 11.594,
  },
]
`;
